20:07:38 **** Clean-only build of configuration Debug for project stm32f4xx ****
make -j16 clean 
rm -rf ./drivers/Src/stm32f407xx_gpio_driver.d ./drivers/Src/stm32f407xx_gpio_driver.o ./drivers/Src/stm32f407xx_gpio_driver.su
rm -rf ./Startup/startup_stm32f407vgtx.d ./Startup/startup_stm32f407vgtx.o
rm -rf ./Src/001led_toggle.d ./Src/001led_toggle.o ./Src/001led_toggle.su ./Src/002led_button.d ./Src/002led_button.o ./Src/002led_button.su ./Src/syscalls.d ./Src/syscalls.o ./Src/syscalls.su ./Src/sysmem.d ./Src/sysmem.o ./Src/sysmem.su
rm -rf default.size.stdout stm32f4xx.elf stm32f4xx.list stm32f4xx.map
rm: can't remove 'stm32f4xx.elf': Permission denied
make: [makefile:80: clean] Error 1 (ignored)
 
20:07:38 **** Build of configuration Debug for project stm32f4xx ****
make -j16 all 
arm-none-eabi-gcc "../drivers/Src/stm32f407xx_gpio_driver.c" -mcpu=cortex-m4 -std=gnu11 -g3 -DDEBUG -DSTM32 -DSTM32F407G_DISC1 -DSTM32F4 -DSTM32F407VGTx -c -I"C:/Users/IJK3KOR/Desktop/Stm_32/stm32f4xx/drivers/Inc" -I../Inc -O0 -ffunction-sections -fdata-sections -Wall -fstack-usage -MMD -MP -MF"drivers/Src/stm32f407xx_gpio_driver.d" -MT"drivers/Src/stm32f407xx_gpio_driver.o" --specs=nano.specs -mfloat-abi=soft -mthumb -o "drivers/Src/stm32f407xx_gpio_driver.o"
arm-none-eabi-gcc -mcpu=cortex-m4 -g3 -DDEBUG -c -x assembler-with-cpp -MMD -MP -MF"Startup/startup_stm32f407vgtx.d" -MT"Startup/startup_stm32f407vgtx.o" --specs=nano.specs -mfloat-abi=soft -mthumb -o "Startup/startup_stm32f407vgtx.o" "../Startup/startup_stm32f407vgtx.s"
arm-none-eabi-gcc "../Src/002led_button.c" -mcpu=cortex-m4 -std=gnu11 -g3 -DDEBUG -DSTM32 -DSTM32F407G_DISC1 -DSTM32F4 -DSTM32F407VGTx -c -I"C:/Users/IJK3KOR/Desktop/Stm_32/stm32f4xx/drivers/Inc" -I../Inc -O0 -ffunction-sections -fdata-sections -Wall -fstack-usage -MMD -MP -MF"Src/002led_button.d" -MT"Src/002led_button.o" --specs=nano.specs -mfloat-abi=soft -mthumb -o "Src/002led_button.o"
arm-none-eabi-gcc "../Src/syscalls.c" -mcpu=cortex-m4 -std=gnu11 -g3 -DDEBUG -DSTM32 -DSTM32F407G_DISC1 -DSTM32F4 -DSTM32F407VGTx -c -I"C:/Users/IJK3KOR/Desktop/Stm_32/stm32f4xx/drivers/Inc" -I../Inc -O0 -ffunction-sections -fdata-sections -Wall -fstack-usage -MMD -MP -MF"Src/syscalls.d" -MT"Src/syscalls.o" --specs=nano.specs -mfloat-abi=soft -mthumb -o "Src/syscalls.o"
arm-none-eabi-gcc "../Src/sysmem.c" -mcpu=cortex-m4 -std=gnu11 -g3 -DDEBUG -DSTM32 -DSTM32F407G_DISC1 -DSTM32F4 -DSTM32F407VGTx -c -I"C:/Users/IJK3KOR/Desktop/Stm_32/stm32f4xx/drivers/Inc" -I../Inc -O0 -ffunction-sections -fdata-sections -Wall -fstack-usage -MMD -MP -MF"Src/sysmem.d" -MT"Src/sysmem.o" --specs=nano.specs -mfloat-abi=soft -mthumb -o "Src/sysmem.o"
arm-none-eabi-gcc -o "stm32f4xx.elf" @"objects.list"   -mcpu=cortex-m4 -T"C:\Users\IJK3KOR\Desktop\Stm_32\stm32f4xx\STM32F407VGTX_FLASH.ld" --specs=nosys.specs -Wl,-Map="stm32f4xx.map" -Wl,--gc-sections -static --specs=nano.specs -mfloat-abi=soft -mthumb -Wl,--start-group -lc -lm -Wl,--end-group
Finished building target: stm32f4xx.elf
 
arm-none-eabi-size   stm32f4xx.elf 
arm-none-eabi-objdump -h -S  stm32f4xx.elf  > "stm32f4xx.list"
   text	   data	    bss	    dec	    hex	filename
   1988	      8	   1568	   3564	    dec	stm32f4xx.elf
Finished building: default.size.stdout
 
Finished building: stm32f4xx.list
 
20:07:48 **** Incremental Build of configuration Debug for project stm32f4xx ****
make -j16 all 
arm-none-eabi-size   stm32f4xx.elf 
   text	   data	    bss	    dec	    hex	filename
   1988	      8	   1568	   3564	    dec	stm32f4xx.elf
Finished building: default.size.stdout
 
