23:07:55 **** Build of configuration Debug for project stm32f4xx ****
make -j16 all 
arm-none-eabi-gcc "../drivers/Src/stm32f407xx_gpio_driver.c" -mcpu=cortex-m4 -std=gnu11 -g3 -DDEBUG -DSTM32 -DSTM32F407G_DISC1 -DSTM32F4 -DSTM32F407VGTx -c -I"C:/Users/IJK3KOR/Desktop/Stm_32/stm32f4xx/drivers/Inc" -I../Inc -O0 -ffunction-sections -fdata-sections -Wall -fstack-usage -MMD -MP -MF"drivers/Src/stm32f407xx_gpio_driver.d" -MT"drivers/Src/stm32f407xx_gpio_driver.o" --specs=nano.specs -mfloat-abi=soft -mthumb -o "drivers/Src/stm32f407xx_gpio_driver.o"
arm-none-eabi-gcc -mcpu=cortex-m4 -g3 -DDEBUG -c -x assembler-with-cpp -MMD -MP -MF"Startup/startup_stm32f407vgtx.d" -MT"Startup/startup_stm32f407vgtx.o" --specs=nano.specs -mfloat-abi=soft -mthumb -o "Startup/startup_stm32f407vgtx.o" "../Startup/startup_stm32f407vgtx.s"
arm-none-eabi-gcc "../Src/main.c" -mcpu=cortex-m4 -std=gnu11 -g3 -DDEBUG -DSTM32 -DSTM32F407G_DISC1 -DSTM32F4 -DSTM32F407VGTx -c -I"C:/Users/IJK3KOR/Desktop/Stm_32/stm32f4xx/drivers/Inc" -I../Inc -O0 -ffunction-sections -fdata-sections -Wall -fstack-usage -MMD -MP -MF"Src/main.d" -MT"Src/main.o" --specs=nano.specs -mfloat-abi=soft -mthumb -o "Src/main.o"
arm-none-eabi-gcc "../Src/syscalls.c" -mcpu=cortex-m4 -std=gnu11 -g3 -DDEBUG -DSTM32 -DSTM32F407G_DISC1 -DSTM32F4 -DSTM32F407VGTx -c -I"C:/Users/IJK3KOR/Desktop/Stm_32/stm32f4xx/drivers/Inc" -I../Inc -O0 -ffunction-sections -fdata-sections -Wall -fstack-usage -MMD -MP -MF"Src/syscalls.d" -MT"Src/syscalls.o" --specs=nano.specs -mfloat-abi=soft -mthumb -o "Src/syscalls.o"
arm-none-eabi-gcc "../Src/sysmem.c" -mcpu=cortex-m4 -std=gnu11 -g3 -DDEBUG -DSTM32 -DSTM32F407G_DISC1 -DSTM32F4 -DSTM32F407VGTx -c -I"C:/Users/IJK3KOR/Desktop/Stm_32/stm32f4xx/drivers/Inc" -I../Inc -O0 -ffunction-sections -fdata-sections -Wall -fstack-usage -MMD -MP -MF"Src/sysmem.d" -MT"Src/sysmem.o" --specs=nano.specs -mfloat-abi=soft -mthumb -o "Src/sysmem.o"
arm-none-eabi-gcc -o "stm32f4xx.elf" @"objects.list"   -mcpu=cortex-m4 -T"C:\Users\IJK3KOR\Desktop\Stm_32\stm32f4xx\STM32F407VGTX_FLASH.ld" --specs=nosys.specs -Wl,-Map="stm32f4xx.map" -Wl,--gc-sections -static --specs=nano.specs -mfloat-abi=soft -mthumb -Wl,--start-group -lc -lm -Wl,--end-group
Finished building target: stm32f4xx.elf
 
arm-none-eabi-size   stm32f4xx.elf 
arm-none-eabi-objdump -h -S  stm32f4xx.elf  > "stm32f4xx.list"
   text	   data	    bss	    dec	    hex	filename
   5344	    108	   1588	   7040	   1b80	stm32f4xx.elf
Finished building: default.size.stdout
 
Finished building: stm32f4xx.list
 
